/global/u1/n/najoyner/lbl_pyscf/gpu4pyscf/lib/cutensor.py:154: UserWarning: using cupy as the tensor contraction engine.
  warnings.warn(f'using {contract_engine} as the tensor contraction engine.')
ECP def2-svp not found for  H
ECP def2-tzvp not found for  H
ECP def2-tzvp not found for  Cl
ECP def2-tzvp not found for  H
ECP def2-tzvp not found for  Cl
ECP def2-tzvp not found for  Cl
ECP def2-tzvp not found for  F
ECP def2-tzvp not found for  O
ECP def2-tzvp not found for  O
ECP def2-tzvp not found for  Cl
ECP def2-tzvp not found for  Cl
ECP def2-tzvp not found for  Cl
ECP def2-tzvp not found for  Cl
ECP def2-tzvp not found for  Cl
ECP def2-tzvp not found for  H
ECP def2-tzvp not found for  H
ECP def2-tzvp not found for  H
ECP def2-tzvp not found for  H
ECP def2-tzvp not found for  F
ECP def2-tzvp not found for  H
ECP def2-tzvp not found for  Cl
ECP def2-tzvp not found for  Cl
ECP def2-tzvp not found for  Cl
ECP def2-tzvp not found for  Cl
ECP def2-tzvp not found for  F
ECP def2-tzvp not found for  O
ECP def2-tzvp not found for  O
ECP def2-tzvp not found for  Cl
ECP def2-tzvp not found for  Cl
ECP def2-tzvp not found for  Cl
ECP def2-tzvp not found for  Cl
ECP def2-tzvp not found for  Cl
ECP def2-tzvp not found for  Cl
ECP def2-tzvp not found for  H
ECP def2-tzvp not found for  H
ECP def2-tzvp not found for  H
ECP def2-tzvp not found for  F
